Creating test database for alias 'default'...

...................[2026-08-27 20:49:11,942] WARNING django.request ù Not Found: /api/income/1/
..[2026-08-27 20:50:24,492] WARNING django.request ù Not Found: /transactions/expenses/1/delete/
.[2026-08-27 20:50:58,215] WARNING django.request ù Not Found: /transactions/income/1/delete/
.[2026-08-27 20:51:26,899] WARNING django.request ù Not Found: /transactions/expenses/1/edit/
.[2026-08-27 20:51:54,659] WARNING django.request ù Not Found: /transactions/income/1/edit/
.[2026-08-27 20:52:22,724] WARNING django.request ù Not Found: /goals/1/
[2026-08-27 20:52:22,750] WARNING django.request ù Not Found: /goals/1/contribute/
[2026-08-27 20:52:22,834] WARNING django.request ù Not Found: /api/goals/1/contribute/
.[2026-08-27 20:52:51,068] WARNING django.request ù Not Found: /budgets/1/
.[2026-08-27 20:53:20,730] WARNING django.request ù Not Found: /transactions/expenses/1/
.[2026-08-27 20:53:48,932] WARNING django.request ù Not Found: /transactions/income/1/
.[2026-08-27 20:54:18,645] WARNING django.request ù Forbidden: /api/categories/2/
.............
----------------------------------------------------------------------
Ran 42 tests in 685.112s

OK
Destroying test database for alias 'default'...

Found 42 test(s).
System check identified no issues (0 silenced).
